2024-09-20 14:43:24,802 - app - INFO - Rendering QR code page
2024-09-20 14:43:24,900 - app - INFO - Generated QR code
2024-09-20 14:44:45,003 - app - INFO - Rendering secret form page
2024-09-20 14:46:37,356 - app - INFO - Rendering QR code page
2024-09-20 14:46:37,459 - app - INFO - Generated QR code
2024-09-20 17:02:58,138 - app - INFO - Rendering QR code page
2024-09-20 17:02:58,241 - app - INFO - Generated QR code
2025-02-19 16:11:12,944 - app - INFO - Rendering QR code page
2025-02-19 16:11:13,139 - app - INFO - Generated QR code
2025-06-18 12:18:11,121 - app - INFO - Rendering QR code page
2025-06-18 12:18:11,445 - app - INFO - Generated QR code
2025-06-18 12:38:50,836 - app - INFO - Rendering QR code page
2025-06-18 12:38:50,946 - app - INFO - Generated QR code
2025-06-18 12:38:56,868 - app - INFO - Rendering secret form page
2025-06-18 12:42:10,706 - app - INFO - Rendering QR code page
2025-06-18 12:42:10,788 - app - INFO - Generated QR code
2025-06-18 12:42:14,574 - app - INFO - Rendering secret form page
2025-06-18 12:53:01,215 - app - INFO - Rendering QR code page
2025-06-18 12:53:01,333 - app - INFO - Generated QR code
2025-06-18 12:53:12,452 - app - INFO - Rendering secret form page
2025-06-18 12:59:05,228 - app - INFO - Rendering secret form page
2025-06-18 13:01:03,669 - app - INFO - Email sent to medhamaisa404@gmail.com at '2025-06-18 13:01:00'
2025-06-18 13:01:04,016 - app - INFO - Rendering secret form page
2025-06-18 13:02:37,285 - app - INFO - Rendering QR code page
2025-06-18 13:02:37,419 - app - INFO - Generated QR code
2025-06-18 13:03:35,371 - app - INFO - Rendering QR code page
2025-06-18 13:03:35,506 - app - INFO - Generated QR code
2025-06-18 13:03:57,291 - app - INFO - Rendering secret form page
2025-06-18 13:05:04,896 - app - INFO - Email sent to medhamaisa404@gmail.com at '2025-06-18 13:05:00'
2025-06-18 13:05:04,922 - app - INFO - Rendering secret form page
2025-06-18 13:10:33,229 - app - INFO - Rendering QR code page
2025-06-18 13:10:33,339 - app - INFO - Generated QR code
2025-06-18 13:10:38,439 - app - INFO - Rendering secret form page
2025-06-18 13:19:56,346 - app - INFO - Rendering QR code page
2025-06-18 13:19:56,457 - app - INFO - Generated QR code
2025-06-18 13:20:07,152 - app - INFO - Rendering QR code page
2025-06-18 13:20:07,223 - app - INFO - Generated QR code
2025-06-18 13:20:12,803 - app - INFO - Rendering secret form page
2025-06-18 13:23:20,247 - app - INFO - Rendering QR code page
2025-06-18 13:23:20,331 - app - INFO - Generated QR code
2025-06-18 13:23:24,491 - app - INFO - Rendering secret form page
2025-06-18 13:26:02,143 - app - INFO - Rendering QR code page
2025-06-18 13:26:02,248 - app - INFO - Generated QR code
2025-06-18 13:26:07,627 - app - INFO - Rendering secret form page
2025-06-18 13:28:55,630 - app - INFO - Rendering QR code page
2025-06-18 13:28:55,737 - app - INFO - Generated QR code
2025-06-18 13:28:59,557 - app - INFO - Rendering secret form page
2025-06-18 13:31:52,558 - app - INFO - Rendering secret form page
2025-06-18 13:32:32,229 - app - INFO - Received reminder: medha, medhamaisa404@gmail.com, 2025-06-18 13:33:00
2025-06-18 13:33:03,475 - app - INFO - Email sent to medhamaisa404@gmail.com at '2025-06-18 13:33:00'
2025-06-18 13:34:42,295 - app - INFO - Rendering secret form page
2025-06-18 13:35:23,295 - app - INFO - Received reminder: Dev, medhamaisa404@gmail.com, 2025-06-18 13:36:00
2025-06-18 13:35:40,134 - app - INFO - Rendering secret form page
2025-06-18 13:36:04,364 - app - INFO - Email sent to medhamaisa404@gmail.com at '2025-06-18 13:36:00'
2025-06-18 13:38:12,810 - app - INFO - Rendering secret form page
2025-06-18 13:38:22,072 - app - INFO - Rendering secret form page
2025-06-18 13:38:22,163 - app - INFO - Rendering secret form page
2025-06-18 13:38:29,079 - app - INFO - Rendering secret form page
2025-06-18 13:38:56,949 - app - INFO - Received reminder: Dev, medhamaisa404@gmail.com, 2025-06-18 13:39:00
2025-06-18 13:39:03,295 - app - INFO - Email sent to medhamaisa404@gmail.com at '2025-06-18 13:39:00'
